tier=T4  mask=assistant-only  eval_limit=full

========================================================================
NB5 — four-group eval + verdict
========================================================================
baseline (b) target = 0.765 — đây là mốc phải vượt

Loading weights:   0%|          | 0/426 [00:00<?, ?it/s]
Loading weights:   0%|          | 1/426 [00:09<1:04:25,  9.10s/it]
Loading weights:  19%|█▊        | 79/426 [00:09<00:29, 11.84it/s] 
Loading weights:  23%|██▎       | 96/426 [00:09<00:24, 13.69it/s]
Loading weights:  25%|██▌       | 107/426 [00:10<00:21, 14.51it/s]
Loading weights:  27%|██▋       | 114/426 [00:10<00:19, 16.27it/s]
Loading weights:  28%|██▊       | 121/426 [00:11<00:20, 14.63it/s]
Loading weights:  30%|███       | 128/426 [00:11<00:17, 17.00it/s]
Loading weights:  31%|███       | 133/426 [00:12<00:19, 14.90it/s]
Loading weights:  32%|███▏      | 137/426 [00:12<00:19, 15.03it/s]
Loading weights:  34%|███▎      | 143/426 [00:12<00:15, 17.79it/s]
Loading weights:  35%|███▍      | 147/426 [00:12<00:19, 14.57it/s]
Loading weights:  35%|███▌      | 150/426 [00:13<00:19, 13.86it/s]
Loading weights:  36%|███▌      | 153/426 [00:13<00:22, 11.98it/s]
Loading weights:  39%|███▉      | 167/426 [00:13<00:10, 24.90it/s]
Loading weights:  41%|████      | 173/426 [00:14<00:12, 20.93it/s]
Loading weights:  43%|████▎     | 182/426 [00:14<00:08, 27.33it/s]
Loading weights:  44%|████▍     | 187/426 [00:15<00:14, 16.22it/s]
Loading weights:  46%|████▌     | 196/426 [00:15<00:10, 22.14it/s]
Loading weights:  47%|████▋     | 201/426 [00:15<00:16, 14.01it/s]
Loading weights:  48%|████▊     | 205/426 [00:16<00:17, 12.80it/s]
Loading weights:  49%|████▉     | 210/426 [00:16<00:14, 14.68it/s]
Loading weights:  50%|█████     | 213/426 [00:16<00:15, 13.96it/s]
Loading weights:  52%|█████▏    | 220/426 [00:17<00:11, 18.36it/s]
Loading weights:  52%|█████▏    | 223/426 [00:17<00:11, 17.87it/s]
Loading weights:  53%|█████▎    | 226/426 [00:17<00:18, 10.84it/s]
Loading weights:  55%|█████▍    | 234/426 [00:18<00:11, 17.40it/s]
Loading weights:  56%|█████▌    | 238/426 [00:18<00:12, 15.12it/s]
Loading weights:  57%|█████▋    | 241/426 [00:18<00:13, 13.23it/s]
Loading weights:  58%|█████▊    | 249/426 [00:18<00:08, 20.11it/s]
Loading weights:  59%|█████▉    | 253/426 [00:19<00:09, 17.37it/s]
Loading weights:  61%|██████    | 258/426 [00:19<00:08, 20.23it/s]
Loading weights:  62%|██████▏   | 265/426 [00:19<00:05, 26.91it/s]
Loading weights:  65%|██████▍   | 276/426 [00:19<00:04, 37.28it/s]
Loading weights:  66%|██████▌   | 281/426 [00:20<00:06, 21.82it/s]
Loading weights:  68%|██████▊   | 288/426 [00:20<00:05, 26.27it/s]
Loading weights:  69%|██████▊   | 292/426 [00:20<00:07, 17.91it/s]
Loading weights:  69%|██████▉   | 295/426 [00:20<00:06, 19.02it/s]
Loading weights:  72%|███████▏  | 305/426 [00:21<00:05, 23.77it/s]
Loading weights:  73%|███████▎  | 309/426 [00:21<00:05, 19.66it/s]
Loading weights:  73%|███████▎  | 312/426 [00:22<00:08, 14.12it/s]
Loading weights:  75%|███████▍  | 318/426 [00:22<00:07, 15.11it/s]
Loading weights:  77%|███████▋  | 326/426 [00:22<00:04, 21.45it/s]
Loading weights:  77%|███████▋  | 330/426 [00:22<00:05, 17.10it/s]
Loading weights:  78%|███████▊  | 333/426 [00:23<00:06, 14.01it/s]
Loading weights:  80%|███████▉  | 340/426 [00:23<00:04, 20.29it/s]
Loading weights:  81%|████████  | 344/426 [00:23<00:05, 15.70it/s]
Loading weights:  81%|████████▏ | 347/426 [00:24<00:06, 13.00it/s]
Loading weights:  83%|████████▎ | 355/426 [00:24<00:03, 19.47it/s]
Loading weights:  84%|████████▍ | 359/426 [00:24<00:04, 15.34it/s]
Loading weights:  85%|████████▍ | 362/426 [00:25<00:04, 13.44it/s]
Loading weights:  85%|████████▌ | 364/426 [00:25<00:05, 10.76it/s]
Loading weights:  87%|████████▋ | 369/426 [00:25<00:04, 13.70it/s]
Loading weights:  87%|████████▋ | 371/426 [00:25<00:04, 13.24it/s]
Loading weights:  89%|████████▉ | 379/426 [00:26<00:02, 19.83it/s]
Loading weights:  90%|████████▉ | 382/426 [00:26<00:02, 20.75it/s]
Loading weights:  90%|█████████ | 385/426 [00:26<00:03, 11.61it/s]
Loading weights:  92%|█████████▏| 394/426 [00:26<00:01, 19.39it/s]
Loading weights:  93%|█████████▎| 398/426 [00:27<00:01, 15.18it/s]
Loading weights:  94%|█████████▍| 401/426 [00:27<00:01, 13.58it/s]
Loading weights:  96%|█████████▌| 408/426 [00:27<00:00, 19.14it/s]
Loading weights:  96%|█████████▋| 411/426 [00:28<00:01, 14.55it/s]
Loading weights:  97%|█████████▋| 414/426 [00:28<00:01, 11.92it/s]
Loading weights:  98%|█████████▊| 417/426 [00:29<00:00, 10.19it/s]
Loading weights:  99%|█████████▉| 422/426 [00:29<00:00, 12.81it/s]
Loading weights: 100%|█████████▉| 424/426 [00:29<00:00, 12.65it/s]
Loading weights: 100%|██████████| 426/426 [00:29<00:00, 14.43it/s]
[transformers] `causal_conv1d_fn` is falling back to its reference PyTorch implementation because `causal_conv1d` is not installed. This is correct but much slower; install `causal_conv1d` for the optimized kernel.
[transformers] `chunk_gated_delta_rule` is falling back to its reference PyTorch implementation because `flash-linear-attention` is not installed. This is correct but much slower; install `flash-linear-attention` for the optimized kernel.
[transformers] `causal_conv1d_update` is falling back to its reference PyTorch implementation because `causal_conv1d` is not installed. This is correct but much slower; install `causal_conv1d` for the optimized kernel.
[transformers] `fused_recurrent_gated_delta_rule` is falling back to its reference PyTorch implementation because `flash-linear-attention` is not installed. This is correct but much slower; install `flash-linear-attention` for the optimized kernel.
  [ft/target] batch 1/13      6s elapsed  ~   72s left
  [ft/target] batch 2/13     12s elapsed  ~   65s left
  [ft/target] batch 3/13     17s elapsed  ~   55s left
  [ft/target] batch 4/13     22s elapsed  ~   49s left
  [ft/target] batch 5/13     27s elapsed  ~   43s left
  [ft/target] batch 6/13     32s elapsed  ~   37s left
  [ft/target] batch 7/13     37s elapsed  ~   32s left
  [ft/target] batch 8/13     42s elapsed  ~   26s left
  [ft/target] batch 9/13     47s elapsed  ~   21s left
  [ft/target] batch 10/13     52s elapsed  ~   16s left
  [ft/target] batch 11/13     57s elapsed  ~   10s left
  [ft/target] batch 12/13     63s elapsed  ~    5s left
  [ft/target] batch 13/13     68s elapsed  ~    0s left
  [ft/target] done: 50 prompts in 68s
  [ft/regression] batch 1/4      9s elapsed  ~   28s left
  [ft/regression] batch 2/4     20s elapsed  ~   20s left
  [ft/regression] batch 3/4     25s elapsed  ~    8s left
  [ft/regression] batch 4/4     37s elapsed  ~    0s left
  [ft/regression] done: 15 prompts in 37s
fine-tune: {'target': 0.97, 'regression': 0.6555555555555556, 'format': 1.0, 'latency_ms': 1353.4565456199834, 'n': 50, 'extra': {'valid_trace_rate': 0.0}}
| run | target | regression | format | latency_ms | n |
|---|---|---|---|---|---|
| (a) base + naive prompt | 0.0 | 0.7911 | 0.0 | 3218.7 | 50 |
| (b) base + optimized prompt | 0.765 | 0.7911 | 1.0 | 1022.3 | 50 |
| (c) LoRA fine-tune | 0.97 | 0.6556 | 1.0 | 1353.5 | 50 |
FAILED
 - general capability regressed by 0.136 (tolerance 0.020). See deck §6.3 — add 1-5% replay data.

Loading weights:   0%|          | 0/426 [00:00<?, ?it/s]
Loading weights:   0%|          | 1/426 [00:08<1:01:59,  8.75s/it]
Loading weights:  18%|█▊        | 75/426 [00:09<00:30, 11.58it/s] 
Loading weights:  21%|██        | 89/426 [00:09<00:25, 13.09it/s]
Loading weights:  23%|██▎       | 98/426 [00:10<00:23, 13.94it/s]
Loading weights:  24%|██▍       | 104/426 [00:10<00:21, 15.06it/s]
Loading weights:  26%|██▌       | 109/426 [00:10<00:20, 15.80it/s]
Loading weights:  27%|██▋       | 115/426 [00:10<00:17, 17.90it/s]
Loading weights:  28%|██▊       | 120/426 [00:11<00:21, 14.20it/s]
Loading weights:  30%|███       | 128/426 [00:11<00:16, 18.38it/s]
Loading weights:  31%|███       | 132/426 [00:11<00:18, 15.89it/s]
Loading weights:  32%|███▏      | 136/426 [00:12<00:20, 14.39it/s]
Loading weights:  34%|███▎      | 143/426 [00:12<00:15, 18.71it/s]
Loading weights:  35%|███▍      | 147/426 [00:12<00:18, 14.70it/s]
Loading weights:  35%|███▌      | 150/426 [00:13<00:20, 13.80it/s]
Loading weights:  36%|███▌      | 153/426 [00:13<00:23, 11.80it/s]
Loading weights:  37%|███▋      | 159/426 [00:13<00:16, 15.77it/s]
Loading weights:  40%|████      | 171/426 [00:13<00:10, 24.87it/s]
Loading weights:  41%|████      | 175/426 [00:14<00:13, 18.97it/s]
Loading weights:  43%|████▎     | 182/426 [00:14<00:10, 23.82it/s]
Loading weights:  44%|████▎     | 186/426 [00:14<00:14, 17.08it/s]
Loading weights:  44%|████▍     | 189/426 [00:15<00:17, 13.93it/s]
Loading weights:  46%|████▌     | 196/426 [00:15<00:12, 18.93it/s]
Loading weights:  47%|████▋     | 199/426 [00:15<00:16, 14.12it/s]
Loading weights:  47%|████▋     | 202/426 [00:16<00:18, 12.20it/s]
Loading weights:  48%|████▊     | 205/426 [00:16<00:18, 11.72it/s]
Loading weights:  49%|████▉     | 210/426 [00:16<00:13, 16.04it/s]
Loading weights:  50%|█████     | 213/426 [00:16<00:13, 16.05it/s]
Loading weights:  52%|█████▏    | 220/426 [00:17<00:09, 21.99it/s]
Loading weights:  53%|█████▎    | 224/426 [00:17<00:11, 17.76it/s]
Loading weights:  53%|█████▎    | 227/426 [00:17<00:14, 14.15it/s]
Loading weights:  55%|█████▌    | 235/426 [00:17<00:08, 21.62it/s]
Loading weights:  56%|█████▌    | 239/426 [00:18<00:11, 16.34it/s]
Loading weights:  57%|█████▋    | 242/426 [00:18<00:12, 14.33it/s]
Loading weights:  58%|█████▊    | 249/426 [00:18<00:08, 20.69it/s]
Loading weights:  59%|█████▉    | 253/426 [00:19<00:09, 17.57it/s]
Loading weights:  61%|██████    | 258/426 [00:19<00:08, 20.50it/s]
Loading weights:  62%|██████▏   | 265/426 [00:19<00:06, 26.73it/s]
Loading weights:  65%|██████▍   | 276/426 [00:19<00:03, 39.56it/s]
Loading weights:  66%|██████▌   | 282/426 [00:19<00:04, 31.11it/s]
Loading weights:  68%|██████▊   | 288/426 [00:19<00:04, 33.68it/s]
Loading weights:  69%|██████▉   | 293/426 [00:20<00:06, 19.06it/s]
Loading weights:  72%|███████▏  | 305/426 [00:20<00:04, 24.93it/s]
Loading weights:  73%|███████▎  | 309/426 [00:21<00:05, 20.80it/s]
Loading weights:  73%|███████▎  | 312/426 [00:21<00:07, 15.68it/s]
Loading weights:  74%|███████▍  | 316/426 [00:21<00:06, 17.65it/s]
Loading weights:  75%|███████▍  | 319/426 [00:21<00:06, 16.94it/s]
Loading weights:  77%|███████▋  | 326/426 [00:22<00:04, 22.13it/s]
Loading weights:  77%|███████▋  | 329/426 [00:22<00:04, 21.21it/s]
Loading weights:  78%|███████▊  | 332/426 [00:22<00:07, 12.49it/s]
Loading weights:  80%|███████▉  | 340/426 [00:23<00:04, 19.85it/s]
Loading weights:  81%|████████  | 344/426 [00:23<00:05, 15.70it/s]
Loading weights:  81%|████████▏ | 347/426 [00:23<00:06, 13.14it/s]
Loading weights:  83%|████████▎ | 355/426 [00:23<00:03, 19.55it/s]
Loading weights:  84%|████████▍ | 358/426 [00:24<00:04, 15.01it/s]
Loading weights:  85%|████████▍ | 361/426 [00:24<00:05, 12.59it/s]
Loading weights:  85%|████████▌ | 364/426 [00:25<00:05, 11.17it/s]
Loading weights:  87%|████████▋ | 369/426 [00:25<00:04, 14.00it/s]
Loading weights:  87%|████████▋ | 371/426 [00:25<00:04, 12.81it/s]
Loading weights:  89%|████████▉ | 379/426 [00:25<00:02, 20.34it/s]
Loading weights:  90%|████████▉ | 382/426 [00:25<00:02, 19.73it/s]
Loading weights:  90%|█████████ | 385/426 [00:26<00:03, 11.68it/s]
Loading weights:  92%|█████████▏| 393/426 [00:26<00:01, 19.12it/s]
Loading weights:  93%|█████████▎| 397/426 [00:27<00:01, 14.54it/s]
Loading weights:  94%|█████████▍| 400/426 [00:27<00:02, 11.68it/s]
Loading weights:  96%|█████████▌| 408/426 [00:27<00:00, 18.04it/s]
Loading weights:  97%|█████████▋| 412/426 [00:28<00:01, 13.48it/s]
Loading weights:  97%|█████████▋| 415/426 [00:28<00:00, 12.15it/s]
Loading weights:  98%|█████████▊| 417/426 [00:28<00:00, 10.06it/s]
Loading weights:  99%|█████████▉| 422/426 [00:29<00:00, 13.51it/s]
Loading weights: 100%|█████████▉| 425/426 [00:29<00:00, 15.20it/s]
Loading weights: 100%|██████████| 426/426 [00:29<00:00, 14.61it/s]
Warning: You are sending unauthenticated requests to the HF Hub. Please set a HF_TOKEN to enable higher rate limits and faster downloads.
  [attn_only/target] batch 1/13      3s elapsed  ~   39s left
  [attn_only/target] batch 2/13      7s elapsed  ~   36s left
  [attn_only/target] batch 3/13     10s elapsed  ~   34s left
  [attn_only/target] batch 4/13     14s elapsed  ~   31s left
  [attn_only/target] batch 5/13     17s elapsed  ~   27s left
  [attn_only/target] batch 6/13     20s elapsed  ~   24s left
  [attn_only/target] batch 7/13     24s elapsed  ~   21s left
  [attn_only/target] batch 8/13     27s elapsed  ~   17s left
  [attn_only/target] batch 9/13     30s elapsed  ~   13s left
  [attn_only/target] batch 10/13     33s elapsed  ~   10s left
  [attn_only/target] batch 11/13     37s elapsed  ~    7s left
  [attn_only/target] batch 12/13     41s elapsed  ~    3s left
  [attn_only/target] batch 13/13     44s elapsed  ~    0s left
  [attn_only/target] done: 50 prompts in 44s
attn_only: target=0.970  format=1.000

Loading weights:   0%|          | 0/426 [00:00<?, ?it/s]
Loading weights:   0%|          | 1/426 [00:08<59:37,  8.42s/it]
Loading weights:  18%|█▊        | 76/426 [00:08<00:27, 12.56it/s]
Loading weights:  26%|██▌       | 110/426 [00:09<00:20, 15.36it/s]
Loading weights:  31%|███       | 130/426 [00:10<00:18, 16.36it/s]
Loading weights:  34%|███▎      | 143/426 [00:11<00:17, 15.82it/s]
Loading weights:  36%|███▌      | 152/426 [00:13<00:20, 13.54it/s]
Loading weights:  37%|███▋      | 159/426 [00:13<00:17, 15.19it/s]
Loading weights:  40%|████      | 171/426 [00:13<00:13, 18.69it/s]
Loading weights:  42%|████▏     | 177/426 [00:13<00:13, 18.07it/s]
Loading weights:  43%|████▎     | 182/426 [00:14<00:12, 19.46it/s]
Loading weights:  44%|████▎     | 186/426 [00:14<00:13, 17.46it/s]
Loading weights:  45%|████▍     | 190/426 [00:14<00:14, 16.09it/s]
Loading weights:  46%|████▌     | 196/426 [00:14<00:11, 19.60it/s]
Loading weights:  47%|████▋     | 200/426 [00:15<00:14, 16.08it/s]
Loading weights:  48%|████▊     | 203/426 [00:15<00:15, 14.05it/s]
Loading weights:  48%|████▊     | 205/426 [00:15<00:19, 11.47it/s]
Loading weights:  49%|████▉     | 210/426 [00:16<00:13, 15.64it/s]
Loading weights:  50%|█████     | 213/426 [00:16<00:13, 15.73it/s]
Loading weights:  52%|█████▏    | 220/426 [00:16<00:09, 21.49it/s]
Loading weights:  53%|█████▎    | 224/426 [00:16<00:11, 17.16it/s]
Loading weights:  53%|█████▎    | 227/426 [00:17<00:14, 14.04it/s]
Loading weights:  55%|█████▌    | 235/426 [00:17<00:08, 21.58it/s]
Loading weights:  56%|█████▌    | 239/426 [00:17<00:11, 16.98it/s]
Loading weights:  57%|█████▋    | 242/426 [00:17<00:11, 16.54it/s]
Loading weights:  60%|█████▉    | 254/426 [00:17<00:05, 30.05it/s]
Loading weights:  61%|██████    | 259/426 [00:18<00:05, 30.36it/s]
Loading weights:  65%|██████▍   | 276/426 [00:18<00:02, 53.50it/s]
Loading weights:  67%|██████▋   | 284/426 [00:18<00:03, 41.84it/s]
Loading weights:  68%|██████▊   | 290/426 [00:18<00:03, 38.82it/s]
Loading weights:  69%|██████▉   | 296/426 [00:19<00:05, 24.46it/s]
Loading weights:  72%|███████▏  | 305/426 [00:19<00:04, 26.57it/s]
Loading weights:  73%|███████▎  | 309/426 [00:19<00:05, 21.69it/s]
Loading weights:  73%|███████▎  | 312/426 [00:20<00:07, 15.85it/s]
Loading weights:  74%|███████▍  | 316/426 [00:20<00:05, 18.35it/s]
Loading weights:  75%|███████▍  | 319/426 [00:20<00:06, 16.83it/s]
Loading weights:  77%|███████▋  | 326/426 [00:20<00:04, 23.00it/s]
Loading weights:  77%|███████▋  | 330/426 [00:21<00:05, 17.21it/s]
Loading weights:  78%|███████▊  | 333/426 [00:21<00:06, 13.77it/s]
Loading weights:  80%|████████  | 341/426 [00:21<00:04, 20.57it/s]
Loading weights:  81%|████████  | 345/426 [00:22<00:05, 15.03it/s]
Loading weights:  82%|████████▏ | 348/426 [00:22<00:05, 14.11it/s]
Loading weights:  83%|████████▎ | 355/426 [00:22<00:03, 19.52it/s]
Loading weights:  84%|████████▍ | 358/426 [00:23<00:04, 14.63it/s]
Loading weights:  85%|████████▍ | 361/426 [00:23<00:05, 12.54it/s]
Loading weights:  85%|████████▌ | 364/426 [00:23<00:05, 11.07it/s]
Loading weights:  87%|████████▋ | 369/426 [00:24<00:04, 13.82it/s]
Loading weights:  87%|████████▋ | 371/426 [00:24<00:04, 13.07it/s]
Loading weights:  89%|████████▉ | 379/426 [00:24<00:02, 19.65it/s]
Loading weights:  90%|████████▉ | 382/426 [00:24<00:02, 19.76it/s]
Loading weights:  90%|█████████ | 385/426 [00:25<00:03, 10.45it/s]
Loading weights:  92%|█████████▏| 393/426 [00:25<00:01, 17.58it/s]
Loading weights:  93%|█████████▎| 397/426 [00:25<00:02, 13.35it/s]
Loading weights:  94%|█████████▍| 400/426 [00:26<00:02, 11.30it/s]
Loading weights:  96%|█████████▌| 408/426 [00:26<00:01, 17.42it/s]
Loading weights:  97%|█████████▋| 412/426 [00:26<00:00, 14.84it/s]
Loading weights:  97%|█████████▋| 415/426 [00:27<00:00, 13.38it/s]
Loading weights:  98%|█████████▊| 418/426 [00:27<00:00, 11.40it/s]
Loading weights:  99%|█████████▉| 422/426 [00:27<00:00, 13.47it/s]
Loading weights: 100%|█████████▉| 424/426 [00:27<00:00, 14.12it/s]
Loading weights: 100%|██████████| 426/426 [00:27<00:00, 15.28it/s]
  [wrong_lr/target] batch 1/13     19s elapsed  ~  229s left
  [wrong_lr/target] batch 2/13     39s elapsed  ~  214s left
  [wrong_lr/target] batch 3/13     59s elapsed  ~  196s left
  [wrong_lr/target] batch 4/13     78s elapsed  ~  176s left
  [wrong_lr/target] batch 5/13     98s elapsed  ~  157s left
  [wrong_lr/target] batch 6/13    118s elapsed  ~  137s left
  [wrong_lr/target] batch 7/13    138s elapsed  ~  118s left
  [wrong_lr/target] batch 8/13    157s elapsed  ~   98s left
  [wrong_lr/target] batch 9/13    177s elapsed  ~   79s left
  [wrong_lr/target] batch 10/13    197s elapsed  ~   59s left
  [wrong_lr/target] batch 11/13    216s elapsed  ~   39s left
  [wrong_lr/target] batch 12/13    236s elapsed  ~   20s left
  [wrong_lr/target] batch 13/13    256s elapsed  ~    0s left
  [wrong_lr/target] done: 50 prompts in 256s
wrong_lr: target=0.000  format=0.000

Loading weights:   0%|          | 0/426 [00:00<?, ?it/s]
Loading weights:   0%|          | 1/426 [00:05<35:53,  5.07s/it]
Loading weights:   2%|▏         | 8/426 [00:05<03:24,  2.04it/s]
Loading weights:   3%|▎         | 11/426 [00:05<02:16,  3.05it/s]
Loading weights:   3%|▎         | 14/426 [00:05<01:48,  3.79it/s]
Loading weights:   5%|▌         | 22/426 [00:05<00:51,  7.90it/s]
Loading weights:   6%|▌         | 25/426 [00:06<00:43,  9.13it/s]
Loading weights:   7%|▋         | 28/426 [00:06<00:48,  8.15it/s]
Loading weights:   8%|▊         | 36/426 [00:06<00:28, 13.68it/s]
Loading weights:   9%|▉         | 39/426 [00:06<00:26, 14.45it/s]
Loading weights:  10%|▉         | 42/426 [00:07<00:37, 10.33it/s]
Loading weights:  11%|█         | 45/426 [00:07<00:33, 11.35it/s]
Loading weights:  11%|█         | 47/426 [00:08<00:40,  9.32it/s]
Loading weights:  12%|█▏        | 53/426 [00:08<00:29, 12.70it/s]
Loading weights:  14%|█▍        | 61/426 [00:08<00:19, 18.88it/s]
Loading weights:  15%|█▌        | 64/426 [00:08<00:19, 18.96it/s]
Loading weights:  16%|█▌        | 67/426 [00:09<00:24, 14.74it/s]
Loading weights:  18%|█▊        | 75/426 [00:09<00:15, 21.94it/s]
Loading weights:  18%|█▊        | 78/426 [00:09<00:15, 21.78it/s]
Loading weights:  19%|█▉        | 81/426 [00:09<00:25, 13.43it/s]
Loading weights:  21%|██        | 89/426 [00:10<00:17, 18.76it/s]
Loading weights:  22%|██▏       | 92/426 [00:10<00:18, 18.25it/s]
Loading weights:  22%|██▏       | 95/426 [00:10<00:23, 14.03it/s]
Loading weights:  23%|██▎       | 98/426 [00:10<00:21, 15.23it/s]
Loading weights:  23%|██▎       | 100/426 [00:11<00:25, 12.88it/s]
Loading weights:  24%|██▍       | 104/426 [00:11<00:19, 16.39it/s]
Loading weights:  25%|██▌       | 107/426 [00:11<00:20, 15.25it/s]
Loading weights:  27%|██▋       | 114/426 [00:11<00:15, 20.56it/s]
Loading weights:  27%|██▋       | 117/426 [00:11<00:15, 19.64it/s]
Loading weights:  28%|██▊       | 120/426 [00:12<00:24, 12.75it/s]
Loading weights:  30%|███       | 128/426 [00:12<00:14, 19.94it/s]
Loading weights:  31%|███       | 131/426 [00:12<00:14, 19.74it/s]
Loading weights:  31%|███▏      | 134/426 [00:13<00:24, 12.01it/s]
Loading weights:  33%|███▎      | 142/426 [00:13<00:15, 18.42it/s]
Loading weights:  34%|███▍      | 145/426 [00:13<00:15, 18.49it/s]
Loading weights:  35%|███▍      | 148/426 [00:14<00:23, 11.86it/s]
Loading weights:  35%|███▌      | 151/426 [00:14<00:21, 12.62it/s]
Loading weights:  36%|███▌      | 153/426 [00:14<00:25, 10.71it/s]
Loading weights:  38%|███▊      | 160/426 [00:14<00:14, 18.07it/s]
Loading weights:  40%|███▉      | 170/426 [00:14<00:08, 30.24it/s]
Loading weights:  41%|████▏     | 176/426 [00:15<00:09, 25.55it/s]
Loading weights:  42%|████▏     | 181/426 [00:15<00:09, 26.69it/s]
Loading weights:  43%|████▎     | 185/426 [00:15<00:11, 21.22it/s]
Loading weights:  44%|████▍     | 189/426 [00:15<00:13, 17.27it/s]
Loading weights:  46%|████▌     | 195/426 [00:16<00:10, 21.08it/s]
Loading weights:  46%|████▋     | 198/426 [00:16<00:11, 20.62it/s]
Loading weights:  47%|████▋     | 201/426 [00:16<00:18, 12.42it/s]
Loading weights:  48%|████▊     | 204/426 [00:17<00:16, 13.32it/s]
Loading weights:  48%|████▊     | 206/426 [00:17<00:20, 10.51it/s]
Loading weights:  50%|████▉     | 212/426 [00:17<00:14, 14.79it/s]
Loading weights:  52%|█████▏    | 220/426 [00:17<00:09, 20.78it/s]
Loading weights:  52%|█████▏    | 223/426 [00:17<00:09, 21.40it/s]
Loading weights:  53%|█████▎    | 226/426 [00:18<00:12, 15.59it/s]
Loading weights:  56%|█████▌    | 237/426 [00:18<00:06, 28.35it/s]
Loading weights:  57%|█████▋    | 242/426 [00:18<00:06, 27.87it/s]
Loading weights:  59%|█████▉    | 251/426 [00:18<00:04, 38.35it/s]
Loading weights:  60%|██████    | 257/426 [00:18<00:05, 32.89it/s]
Loading weights:  62%|██████▏   | 262/426 [00:19<00:04, 34.14it/s]
Loading weights:  64%|██████▍   | 273/426 [00:19<00:03, 45.22it/s]
Loading weights:  65%|██████▌   | 279/426 [00:19<00:04, 36.15it/s]
Loading weights:  68%|██████▊   | 288/426 [00:19<00:03, 41.74it/s]
Loading weights:  69%|██████▉   | 293/426 [00:20<00:05, 23.91it/s]
Loading weights:  71%|███████   | 302/426 [00:20<00:03, 31.82it/s]
Loading weights:  72%|███████▏  | 307/426 [00:20<00:05, 21.28it/s]
Loading weights:  73%|███████▎  | 311/426 [00:21<00:06, 18.15it/s]
Loading weights:  74%|███████▎  | 314/426 [00:21<00:06, 17.72it/s]
Loading weights:  75%|███████▍  | 318/426 [00:21<00:06, 16.92it/s]
Loading weights:  77%|███████▋  | 326/426 [00:21<00:04, 22.63it/s]
Loading weights:  77%|███████▋  | 329/426 [00:21<00:04, 21.54it/s]
Loading weights:  78%|███████▊  | 332/426 [00:22<00:07, 11.80it/s]
Loading weights:  80%|███████▉  | 340/426 [00:22<00:05, 17.05it/s]
Loading weights:  81%|████████  | 343/426 [00:23<00:04, 16.85it/s]
Loading weights:  81%|████████  | 346/426 [00:23<00:07, 10.40it/s]
Loading weights:  83%|████████▎ | 354/426 [00:23<00:04, 15.38it/s]
Loading weights:  84%|████████▍ | 357/426 [00:24<00:04, 15.64it/s]
Loading weights:  85%|████████▍ | 360/426 [00:24<00:05, 11.06it/s]
Loading weights:  85%|████████▌ | 363/426 [00:24<00:05, 12.14it/s]
Loading weights:  86%|████████▌ | 365/426 [00:25<00:06,  9.88it/s]
Loading weights:  87%|████████▋ | 371/426 [00:25<00:04, 13.12it/s]
Loading weights:  89%|████████▉ | 379/426 [00:25<00:02, 19.10it/s]
Loading weights:  90%|████████▉ | 382/426 [00:25<00:02, 19.19it/s]
Loading weights:  90%|█████████ | 385/426 [00:26<00:03, 12.19it/s]
Loading weights:  92%|█████████▏| 393/426 [00:26<00:01, 18.51it/s]
Loading weights:  93%|█████████▎| 396/426 [00:26<00:01, 18.63it/s]
Loading weights:  94%|█████████▎| 399/426 [00:27<00:02, 12.03it/s]
Loading weights:  96%|█████████▌| 407/426 [00:27<00:01, 18.32it/s]
Loading weights:  96%|█████████▌| 410/426 [00:27<00:00, 18.51it/s]
Loading weights:  97%|█████████▋| 413/426 [00:28<00:01, 11.98it/s]
Loading weights:  98%|█████████▊| 416/426 [00:28<00:00, 12.77it/s]
Loading weights:  98%|█████████▊| 418/426 [00:28<00:00, 10.16it/s]
Loading weights: 100%|█████████▉| 424/426 [00:29<00:00, 13.39it/s]
Loading weights: 100%|██████████| 426/426 [00:29<00:00, 14.67it/s]
  [qlora/target] batch 1/13      7s elapsed  ~   87s left
  [qlora/target] batch 2/13     14s elapsed  ~   75s left
  [qlora/target] batch 3/13     21s elapsed  ~   68s left
  [qlora/target] batch 4/13     27s elapsed  ~   60s left
  [qlora/target] batch 5/13     34s elapsed  ~   54s left
  [qlora/target] batch 6/13     40s elapsed  ~   47s left
  [qlora/target] batch 7/13     47s elapsed  ~   40s left
  [qlora/target] batch 8/13     53s elapsed  ~   33s left
  [qlora/target] batch 9/13     60s elapsed  ~   27s left
  [qlora/target] batch 10/13     66s elapsed  ~   20s left
  [qlora/target] batch 11/13     73s elapsed  ~   13s left
  [qlora/target] batch 12/13     80s elapsed  ~    7s left
  [qlora/target] batch 13/13     87s elapsed  ~    0s left
  [qlora/target] done: 50 prompts in 87s
qlora: target=0.940  format=1.000

| run | target | format | latency_ms | n |
|---|---|---|---|---|
| correct | 0.97 | 1.0 | 1353.5 | 50 |
| attn_only | 0.97 | 1.0 | 873.6 | 50 |
| wrong_lr | 0.0 | 0.0 | 5110.0 | 50 |
| qlora | 0.94 | 1.0 | 1731.6 | 50 |
--- 3 ca TỆ NHẤT (bắt buộc đưa vào report) ---
| i | ticket | ft_score | ft_pred |
|---|---|---|---|
| 3 | Cho mình hỏi, mình đặt bình giữ nhiệt mã đơn VN804124. Chưa thấy tiền. | 0.75 | {"intent": "hoan_tien", "urgency": "trung_binh", "product": "bình giữ nhiệt", "sentiment": |
| 5 | Shop ơi, mình đặt nồi chiên không dầu mã đơn DH249548. Thiếu phụ kiện. | 0.75 | {"intent": "san_pham_loi", "urgency": "trung_binh", "product": "nồi chiên không dầu", "sen |
| 12 | Shop ơi, mình đặt áo khoác gió mã đơn VN613097. Bị lỗi. Khi nào tiện.  | 0.75 | {"intent": "san_pham_loi", "urgency": "trung_binh", "product": "áo khoác gió", "sentiment" |

--- 3 ca TỐT NHẤT ---
| i | ticket | ft_score | ft_pred |
|---|---|---|---|
| 47 | Cho mình hỏi, mình đặt ốp lưng điện thoại mã đơn DH936478. Shipper khô | 1.0 | {"intent": "van_chuyen", "urgency": "thap", "product": "ốp lưng điện thoại", "sentiment":  |
| 48 | Alo shop, mình đặt ốp lưng điện thoại mã đơn DH734695. Giá bao nhiêu.  | 1.0 | {"intent": "hoi_thong_tin", "urgency": "trung_binh", "product": "ốp lưng điện thoại", "sen |
| 49 | Chào shop, mình đặt ốp lưng điện thoại mã đơn VN833689. Sai màu. Sớm n | 1.0 | {"intent": "san_pham_loi", "urgency": "trung_binh", "product": "ốp lưng điện thoại", "sent |

-- NB5 ok in 642s

----------------------------------------
stage timings
  nb5       642s  (10.7 min)
  total     642s (10.7 min)
